error: unsupported trait, expected one of Clone, Copy, Debug, Default, Eq, Hash, Ord, PartialEq, PartialOrd
 --> tests/ui/not-zeroize/item.rs:5:16
  |
5 | #[derive_where(skip_inner, Clone)]
  |                ^^^^^^^^^^

error: unsupported trait syntax, expected one of Clone, Copy, Debug, Default, Eq, Hash, Ord, PartialEq, PartialOrd
 --> tests/ui/not-zeroize/item.rs:8:16
  |
8 | #[derive_where(,)]
  |                ^

error: unsupported trait syntax, expected one of Clone, Copy, Debug, Default, Eq, Hash, Ord, PartialEq, PartialOrd
  --> tests/ui/not-zeroize/item.rs:11:16
   |
11 | #[derive_where(,Clone)]
   |                ^

error: unsupported trait syntax, expected one of Clone, Copy, Debug, Default, Eq, Hash, Ord, PartialEq, PartialOrd
  --> tests/ui/not-zeroize/item.rs:14:22
   |
14 | #[derive_where(Clone,,)]
   |                      ^

error: unsupported trait syntax, expected one of Clone, Copy, Debug, Default, Eq, Hash, Ord, PartialEq, PartialOrd
  --> tests/ui/not-zeroize/item.rs:17:16
   |
17 | #[derive_where("Clone")]
   |                ^^^^^^^

error: unsupported trait, expected one of Clone, Copy, Debug, Default, Eq, Hash, Ord, PartialEq, PartialOrd
  --> tests/ui/not-zeroize/item.rs:20:16
   |
20 | #[derive_where(T)]
   |                ^
